// Jest Snapshot v1, https://goo.gl/fbAQLP

exports[`Loader should render correctly 1`] = `
<styled.div
  color="blue"
>
  <span>
    Loading
  </span>
  <Loading
    color="blue"
    delay={0}
    height={64}
    type="bubbles"
    width={64}
  />
</styled.div>
`;
